// Jest Snapshot v1, https://goo.gl/fbAQLP

exports[`Search Panel Component snapshot for search panel component 1`] = `
<div>
  <pre>
    {}
  </pre>
</div>
`;
